閫傜敤浜?.NET Framework MSBuild 鐗堟湰 17.14.40+3e7442088

  Checking File Globs
  姝ｅ湪鎵弿婧愪互鏌ユ壘妯″潡渚濊禆椤?..
  vkr_imgui.vcxproj -> E:\vsProject\project\VulkanRenderer\build\Debug\vkr_imgui.lib
  姝ｅ湪鎵弿婧愪互鏌ユ壘妯″潡渚濊禆椤?..
  Base.vcxproj -> E:\vsProject\project\VulkanRenderer\build\Debug\Base.lib
  姝ｅ湪鎵弿婧愪互鏌ユ壘妯″潡渚濊禆椤?..
  姝ｅ湪缂栬瘧...
  GpuProfiler.cpp
  VkrModel.cpp
E:\vsProject\project\VulkanRenderer\src\vkrEngine\GpuProfiler.cpp(64,35): error C2039: "getQueryPoolResults": 涓嶆槸 "vk::raii::Device" 鐨勬垚鍛?[E:\vsProject\project\VulkanRenderer\build\src\vkrEngine\15_vkrEngine.vcxproj]
      E:\vcpkg\installed\x64-windows\include\vulkan\vulkan_raii.hpp(4214,11):
      鍙傝鈥渧k::raii::Device鈥濈殑澹版槑
  
C:\Program Files (x86)\Microsoft Visual Studio\2022\BuildTools\VC\Tools\MSVC\14.44.35207\include\xmemory(730,14): error C2672: 鈥渟td::construct_at鈥? 鏈壘鍒板尮閰嶇殑閲嶈浇鍑芥暟 [E:\vsProject\project\VulkanRenderer\build\src\vkrEngine\15_vkrEngine.vcxproj]
  (缂栬瘧婧愭枃浠垛€?./../../src/vkrEngine/VkrModel.cpp鈥?
      C:\Program Files (x86)\Microsoft Visual Studio\2022\BuildTools\VC\Tools\MSVC\14.44.35207\include\xutility(461,16):
      鍙兘鏄€淿Ty *std::construct_at(_Ty *const ,_Types ...) noexcept(<expr>)鈥?
          C:\Program Files (x86)\Microsoft Visual Studio\2022\BuildTools\VC\Tools\MSVC\14.44.35207\include\xmemory(730,14):
          鏈弧瓒冲叧鑱旂害鏉?
              C:\Program Files (x86)\Microsoft Visual Studio\2022\BuildTools\VC\Tools\MSVC\14.44.35207\include\xutility(459,50):
              鈥淰krMaterial::VkrMaterial(const VkrMaterial &)鈥? 灏濊瘯寮曠敤宸插垹闄ょ殑鍑芥暟
                  E:\vsProject\project\VulkanRenderer\src\vkrEngine\VkrModel.h(82,1):
                  鈥淰krMaterial::VkrMaterial(const VkrMaterial &)鈥? 鐢变簬 鏁版嵁鎴愬憳 璋冪敤宸插垹闄ゆ垨涓嶅彲璁块棶鐨勫嚱鏁扳€淰krMaterialTexture::VkrMaterialTexture(const VkrMaterialTexture &)鈥濓紝鍥犳宸查殣寮忓垹闄ゅ嚱鏁?
                  E:\vsProject\project\VulkanRenderer\src\vkrEngine\VkrModel.h(54,1):
                  鈥淰krMaterialTexture::VkrMaterialTexture(const VkrMaterialTexture &)鈥? 鐢变簬 鏁版嵁鎴愬憳 璋冪敤宸插垹闄ゆ垨涓嶅彲璁块棶鐨勫嚱鏁扳€渧k::raii::Image::Image(const vk::raii::Image &)鈥濓紝鍥犳宸查殣寮忓垹闄ゅ嚱鏁?
                  E:\vcpkg\installed\x64-windows\include\vulkan\vulkan_raii.hpp(10733,7):
                  鈥渧k::raii::Image::Image(const vk::raii::Image &)鈥? 宸查殣寮忓垹闄ゅ嚱鏁?
              E:\vsProject\project\VulkanRenderer\src\vkrEngine\VkrModel.h(82,1):
              缂栬瘧鍣ㄥ凡鍦ㄦ澶勭敓鎴愨€淰krMaterial::VkrMaterial鈥?
      C:\Program Files (x86)\Microsoft Visual Studio\2022\BuildTools\VC\Tools\MSVC\14.44.35207\include\xmemory(730,14):
      妯℃澘瀹炰緥鍖栦笂涓嬫枃(鏈€鏃╃殑瀹炰緥鍖栦笂涓嬫枃)涓?
          E:\vsProject\project\VulkanRenderer\src\vkrEngine\VkrModel.h(96,30):
          鏌ョ湅瀵规鍦ㄧ紪璇戠殑 绫?妯℃澘 瀹炰緥鍖栤€渟td::vector<VkrMaterial,std::allocator<VkrMaterial>>鈥濈殑寮曠敤
          C:\Program Files (x86)\Microsoft Visual Studio\2022\BuildTools\VC\Tools\MSVC\14.44.35207\include\vector(932,23):
          鍦ㄧ紪璇?绫?妯℃澘 鎴愬憳鍑芥暟鈥渧oid std::vector<VkrMaterial,std::allocator<VkrMaterial>>::push_back(const _Ty &)鈥濇椂
          with
          [
              _Ty=VkrMaterial
          ]
              E:\vsProject\project\VulkanRenderer\src\vkrEngine\VkrModel.cpp(195,28):
              璇峰弬闃?"VkrModel::loadFromFile" 涓 "std::vector<VkrMaterial,std::allocator<VkrMaterial>>::push_back" 鐨勭涓€涓紩鐢?
          C:\Program Files (x86)\Microsoft Visual Studio\2022\BuildTools\VC\Tools\MSVC\14.44.35207\include\vector(933,9):
          鏌ョ湅瀵规鍦ㄧ紪璇戠殑鍑芥暟 妯℃澘 瀹炰緥鍖栤€淿Ty &std::vector<_Ty,std::allocator<_Ty>>::_Emplace_one_at_back<const _Ty&>(const _Ty &)鈥濈殑寮曠敤
          with
          [
              _Ty=VkrMaterial
          ]
          C:\Program Files (x86)\Microsoft Visual Studio\2022\BuildTools\VC\Tools\MSVC\14.44.35207\include\vector(845,20):
          鏌ョ湅瀵规鍦ㄧ紪璇戠殑鍑芥暟 妯℃澘 瀹炰緥鍖栤€淿Ty &std::vector<_Ty,std::allocator<_Ty>>::_Emplace_back_with_unused_capacity<const _Ty&>(const _Ty &)鈥濈殑寮曠敤
          with
          [
              _Ty=VkrMaterial
          ]
          C:\Program Files (x86)\Microsoft Visual Studio\2022\BuildTools\VC\Tools\MSVC\14.44.35207\include\vector(863,27):
          鏌ョ湅瀵规鍦ㄧ紪璇戠殑鍑芥暟 妯℃澘 瀹炰緥鍖栤€渧oid std::_Default_allocator_traits<_Alloc>::construct<_Ty,const _Ty&>(_Alloc &,_Objty *const ,const _Ty &)鈥濈殑寮曠敤
          with
          [
              _Alloc=std::allocator<VkrMaterial>,
              _Ty=VkrMaterial,
              _Objty=VkrMaterial
          ]
  
